2026/04/19 21:21:04 - mmengine - INFO - 
------------------------------------------------------------
System environment:
    sys.platform: win32
    Python: 3.9.23 (main, Jun  5 2025, 13:25:08) [MSC v.1929 64 bit (AMD64)]
    CUDA available: True
    MUSA available: False
    numpy_random_seed: 66
    GPU 0: NVIDIA GeForce RTX 4070 Ti SUPER
    CUDA_HOME: C:\Program Files\NVIDIA GPU Computing Toolkit\CUDA\v12.8
    NVCC: Cuda compilation tools, release 12.8, V12.8.61
    GCC: n/a
    PyTorch: 2.8.0+cu128
    PyTorch compiling details: PyTorch built with:
  - C++ Version: 201703
  - MSVC 193833145
  - Intel(R) oneAPI Math Kernel Library Version 2025.2-Product Build 20250620 for Intel(R) 64 architecture applications
  - Intel(R) MKL-DNN v3.7.1 (Git Hash 8d263e693366ef8db40acc569cc7d8edf644556d)
  - OpenMP 2019
  - LAPACK is enabled (usually provided by MKL)
  - CPU capability usage: AVX512
  - CUDA Runtime 12.8
  - NVCC architecture flags: -gencode;arch=compute_61,code=sm_61;-gencode;arch=compute_70,code=sm_70;-gencode;arch=compute_75,code=sm_75;-gencode;arch=compute_80,code=sm_80;-gencode;arch=compute_86,code=sm_86;-gencode;arch=compute_90,code=sm_90;-gencode;arch=compute_100,code=sm_100;-gencode;arch=compute_120,code=sm_120
  - CuDNN 91.0.2  (built against CUDA 12.9)
  - Magma 2.5.4
  - Build settings: BLAS_INFO=mkl, BUILD_TYPE=Release, COMMIT_SHA=a1cb3cc05d46d198467bebbb6e8fba50a325d4e7, CUDA_VERSION=12.8, CUDNN_VERSION=9.10.2, CXX_COMPILER=C:/actions-runner/_work/pytorch/pytorch/pytorch/.ci/pytorch/windows/tmp_bin/sccache-cl.exe, CXX_FLAGS=/DWIN32 /D_WINDOWS /EHsc /Zc:__cplusplus /bigobj /FS /utf-8 -DUSE_PTHREADPOOL -DNDEBUG -DUSE_KINETO -DLIBKINETO_NOROCTRACER -DLIBKINETO_NOXPUPTI=ON -DUSE_FBGEMM -DUSE_XNNPACK -DSYMBOLICATE_MOBILE_DEBUG_HANDLE /wd4624 /wd4068 /wd4067 /wd4267 /wd4661 /wd4717 /wd4244 /wd4804 /wd4273, LAPACK_INFO=mkl, PERF_WITH_AVX=1, PERF_WITH_AVX2=1, TORCH_VERSION=2.8.0, USE_CUDA=ON, USE_CUDNN=ON, USE_CUSPARSELT=OFF, USE_GFLAGS=OFF, USE_GLOG=OFF, USE_GLOO=ON, USE_MKL=ON, USE_MKLDNN=ON, USE_MPI=OFF, USE_NCCL=OFF, USE_NNPACK=OFF, USE_OPENMP=ON, USE_ROCM=OFF, USE_ROCM_KERNEL_ASSERT=OFF, USE_XCCL=OFF, USE_XPU=OFF, 

    TorchVision: 0.23.0+cu128
    OpenCV: 4.12.0
    MMEngine: 0.10.7

Runtime environment:
    cudnn_benchmark: False
    dist_cfg: {'backend': 'nccl'}
    mp_cfg: {'mp_start_method': 'fork', 'opencv_num_threads': 0}
    seed: 66
    deterministic: False
    diff_rank_seed: True
    Distributed launcher: none
    Distributed training: False
    GPU number: 1
------------------------------------------------------------

2026/04/19 21:21:04 - mmengine - INFO - Config:
auto_scale_lr = dict(base_batch_size=4, enable=True)
backend_args = None
custom_hooks = [
    dict(type='FPSCalculateHook'),
]
data_root = 'E:\\my_data\\M3FD\\cocodataset'
dataset_type = 'M3FDDataset'
default_hooks = dict(
    checkpoint=dict(
        interval=5,
        max_keep_ckpts=3,
        rule='greater',
        save_best='coco/bbox_mAP',
        type='CheckpointHook'),
    logger=dict(interval=50, type='LoggerHook'),
    param_scheduler=dict(type='ParamSchedulerHook'),
    sampler_seed=dict(type='DistSamplerSeedHook'),
    timer=dict(type='IterTimerHook'),
    visualization=dict(type='DetVisualizationHook'))
default_scope = 'mmdet'
env_cfg = dict(
    cudnn_benchmark=False,
    dist_cfg=dict(backend='nccl'),
    mp_cfg=dict(mp_start_method='fork', opencv_num_threads=0))
launcher = 'none'
load_from = 'E:\\pycharm\\project\\Swin-Deformable\\mmdetection\\weight\\best_coco_bbox_mAP_epoch_57.pth'
log_level = 'INFO'
log_processor = dict(by_epoch=True, type='LogProcessor', window_size=50)
max_epochs = 150
model = dict(
    as_two_stage=True,
    backbone=dict(
        depths=[
            2,
            2,
            18,
            2,
        ],
        drop_path_rate=0.2,
        embed_dims=96,
        in_channels=3,
        mlp_ratio=4,
        num_heads=[
            3,
            6,
            12,
            24,
        ],
        out_indices=(
            0,
            1,
            2,
            3,
        ),
        pretrained='E:\\reproduce\\weights\\SwinTransformer\\swin_big_224.pth',
        qkv_bias=True,
        type='SwinNet',
        window_size=7),
    bbox_head=dict(
        loss_bbox=dict(loss_weight=5.0, type='L1Loss'),
        loss_cls=dict(
            alpha=0.25,
            gamma=2.0,
            loss_weight=1.0,
            type='FocalLoss',
            use_sigmoid=True),
        loss_iou=dict(loss_weight=2.0, type='GIoULoss'),
        num_classes=6,
        sync_cls_avg_factor=True,
        type='DINOHead'),
    data_preprocessor=dict(
        bgr_to_rgb=True,
        mean=[
            123.675,
            116.28,
            103.53,
        ],
        pad_size_divisor=1,
        std=[
            58.395,
            57.12,
            57.375,
        ],
        type='RGBTDataPreprocessor'),
    decoder=dict(
        layer_cfg=dict(
            cross_attn_cfg=dict(dropout=0.0, embed_dims=256, num_levels=4),
            ffn_cfg=dict(
                embed_dims=256, feedforward_channels=2048, ffn_drop=0.0),
            self_attn_cfg=dict(dropout=0.0, embed_dims=256, num_heads=8)),
        num_layers=6,
        post_norm_cfg=None,
        return_intermediate=True),
    dn_cfg=dict(
        box_noise_scale=1.0,
        group_cfg=dict(dynamic=True, num_dn_queries=100, num_groups=None),
        label_noise_scale=0.5),
    encoder=dict(
        layer_cfg=dict(
            ffn_cfg=dict(
                embed_dims=256, feedforward_channels=2048, ffn_drop=0.0),
            self_attn_cfg=dict(dropout=0.0, embed_dims=256, num_levels=4)),
        num_layers=6),
    neck=dict(
        in_channels=[
            96,
            192,
            384,
            768,
        ],
        kernel_size=1,
        out_channels=256,
        reduction=8,
        type='swin_deformable_neck'),
    num_queries=900,
    positional_encoding=dict(
        normalize=True, num_feats=128, offset=0.0, temperature=20),
    test_cfg=dict(max_per_img=300),
    train_cfg=dict(
        assigner=dict(
            match_costs=[
                dict(type='FocalLossCost', weight=2.0),
                dict(box_format='xywh', type='BBoxL1Cost', weight=5.0),
                dict(iou_mode='giou', type='IoUCost', weight=2.0),
            ],
            type='HungarianAssigner')),
    type='DINO',
    with_box_refine=True)
optim_wrapper = dict(
    clip_grad=dict(max_norm=0.1, norm_type=2),
    optimizer=dict(lr=0.0001, type='AdamW', weight_decay=0.0001),
    paramwise_cfg=dict(custom_keys=dict(backbone=dict(lr_mult=0.1))),
    type='OptimWrapper')
param_scheduler = [
    dict(
        begin=0,
        by_epoch=True,
        end=20,
        end_factor=1.0,
        start_factor=1.0,
        type='LinearLR'),
    dict(
        begin=20,
        by_epoch=True,
        eps=1e-08,
        factor=0.1,
        min_value=1e-06,
        monitor='coco/bbox_mAP',
        patience=6,
        rule='greater',
        threshold=0.001,
        threshold_rule='rel',
        type='ReduceOnPlateauLR',
        verbose=True),
]
randomness = dict(deterministic=False, diff_rank_seed=True, seed=66)
resume = False
test_cfg = dict(type='TestLoop')
test_dataloader = dict(
    batch_size=4,
    collate_fn='mmdetection.mmdet.utils.collate_rgbt.collate_rgbt',
    dataset=dict(
        ann_file='annotations/test.json',
        backend_args=None,
        data_prefix=dict(img='images/infrared'),
        data_root='E:\\my_data\\M3FD\\cocodataset',
        pipeline=[
            dict(type='LoadRGBTImageFromFile'),
            dict(type='LoadAnnotations', with_bbox=True),
            dict(keep_ratio=False, scale=(
                384,
                384,
            ), type='ResizeRGBT'),
            dict(type='PackDetRGBTInputs'),
        ],
        test_mode=True,
        type='M3FDDataset'),
    drop_last=False,
    num_workers=2,
    persistent_workers=True,
    sampler=dict(shuffle=False, type='DefaultSampler'))
test_evaluator = dict(
    ann_file='E:\\my_data\\M3FD\\cocodataset\\annotations\\test.json',
    backend_args=None,
    format_only=False,
    metric='bbox',
    outfile_prefix='E:\\pycharm\\project\\work_dirs\\model\\3.24',
    type='CocoMetric')
test_pipeline = [
    dict(type='LoadRGBTImageFromFile'),
    dict(type='LoadAnnotations', with_bbox=True),
    dict(keep_ratio=False, scale=(
        384,
        384,
    ), type='ResizeRGBT'),
    dict(type='PackDetRGBTInputs'),
]
train_cfg = dict(max_epochs=150, type='EpochBasedTrainLoop', val_interval=1)
train_dataloader = dict(
    batch_size=4,
    collate_fn='mmdetection.mmdet.utils.collate_rgbt.collate_rgbt',
    dataset=dict(
        ann_file='annotations/train.json',
        data_prefix=dict(img='images/infrared'),
        data_root='E:\\my_data\\M3FD\\cocodataset',
        pipeline=[
            dict(type='LoadRGBTImageFromFile'),
            dict(type='LoadAnnotations', with_bbox=True),
            dict(keep_ratio=False, scale=(
                384,
                384,
            ), type='ResizeRGBT'),
            dict(prob=0.5, type='RandomFlipRGBT'),
            dict(prob=0.5, type='RandomVerticalFlipRGBT'),
            dict(prob=0.3, type='RandomCutoutRGBT'),
            dict(type='PackDetRGBTInputs'),
        ],
        type='M3FDDataset'),
    drop_last=False,
    num_workers=2,
    persistent_workers=True,
    sampler=dict(shuffle=True, type='DefaultSampler'))
train_pipeline = [
    dict(type='LoadRGBTImageFromFile'),
    dict(type='LoadAnnotations', with_bbox=True),
    dict(keep_ratio=False, scale=(
        384,
        384,
    ), type='ResizeRGBT'),
    dict(prob=0.5, type='RandomFlipRGBT'),
    dict(prob=0.5, type='RandomVerticalFlipRGBT'),
    dict(prob=0.3, type='RandomCutoutRGBT'),
    dict(type='PackDetRGBTInputs'),
]
val_cfg = dict(type='ValLoop')
val_dataloader = dict(
    batch_size=4,
    collate_fn='mmdetection.mmdet.utils.collate_rgbt.collate_rgbt',
    dataset=dict(
        ann_file='annotations/test.json',
        backend_args=None,
        data_prefix=dict(img='images/infrared'),
        data_root='E:\\my_data\\M3FD\\cocodataset',
        pipeline=[
            dict(type='LoadRGBTImageFromFile'),
            dict(type='LoadAnnotations', with_bbox=True),
            dict(keep_ratio=False, scale=(
                384,
                384,
            ), type='ResizeRGBT'),
            dict(type='PackDetRGBTInputs'),
        ],
        test_mode=True,
        type='M3FDDataset'),
    drop_last=False,
    num_workers=2,
    persistent_workers=True,
    sampler=dict(shuffle=False, type='DefaultSampler'))
val_evaluator = dict(
    ann_file='E:\\my_data\\M3FD\\cocodataset\\annotations\\test.json',
    backend_args=None,
    format_only=False,
    metric='bbox',
    type='CocoMetric')
vis_backends = [
    dict(type='LocalVisBackend'),
]
visualizer = dict(
    name='visualizer',
    type='DetLocalVisualizer',
    vis_backends=[
        dict(type='LocalVisBackend'),
    ])
work_dir = './work_dirs\\Swin-DINO'
work_dirs = 'E:\\pycharm\\project\\work_dirs\\model\\3.24'

2026/04/19 21:21:06 - mmengine - INFO - Distributed training is not used, all SyncBatchNorm (SyncBN) layers in the model will be automatically reverted to BatchNormXd layers if they are used.
2026/04/19 21:21:06 - mmengine - INFO - Hooks will be executed in the following order:
before_run:
(VERY_HIGH   ) RuntimeInfoHook                    
(BELOW_NORMAL) LoggerHook                         
(VERY_LOW    ) FPSCalculateHook                   
 -------------------- 
before_train:
(VERY_HIGH   ) RuntimeInfoHook                    
(NORMAL      ) IterTimerHook                      
(VERY_LOW    ) CheckpointHook                     
 -------------------- 
before_train_epoch:
(VERY_HIGH   ) RuntimeInfoHook                    
(NORMAL      ) IterTimerHook                      
(NORMAL      ) DistSamplerSeedHook                
 -------------------- 
before_train_iter:
(VERY_HIGH   ) RuntimeInfoHook                    
(NORMAL      ) IterTimerHook                      
 -------------------- 
after_train_iter:
(VERY_HIGH   ) RuntimeInfoHook                    
(NORMAL      ) IterTimerHook                      
(BELOW_NORMAL) LoggerHook                         
(LOW         ) ParamSchedulerHook                 
(VERY_LOW    ) CheckpointHook                     
 -------------------- 
after_train_epoch:
(NORMAL      ) IterTimerHook                      
(LOW         ) ParamSchedulerHook                 
(VERY_LOW    ) CheckpointHook                     
 -------------------- 
before_val:
(VERY_HIGH   ) RuntimeInfoHook                    
 -------------------- 
before_val_epoch:
(NORMAL      ) IterTimerHook                      
 -------------------- 
before_val_iter:
(NORMAL      ) IterTimerHook                      
 -------------------- 
after_val_iter:
(NORMAL      ) IterTimerHook                      
(NORMAL      ) DetVisualizationHook               
(BELOW_NORMAL) LoggerHook                         
 -------------------- 
after_val_epoch:
(VERY_HIGH   ) RuntimeInfoHook                    
(NORMAL      ) IterTimerHook                      
(BELOW_NORMAL) LoggerHook                         
(LOW         ) ParamSchedulerHook                 
(VERY_LOW    ) CheckpointHook                     
 -------------------- 
after_val:
(VERY_HIGH   ) RuntimeInfoHook                    
 -------------------- 
after_train:
(VERY_HIGH   ) RuntimeInfoHook                    
(VERY_LOW    ) CheckpointHook                     
 -------------------- 
before_test:
(VERY_HIGH   ) RuntimeInfoHook                    
 -------------------- 
before_test_epoch:
(NORMAL      ) IterTimerHook                      
 -------------------- 
before_test_iter:
(NORMAL      ) IterTimerHook                      
 -------------------- 
after_test_iter:
(NORMAL      ) IterTimerHook                      
(NORMAL      ) DetVisualizationHook               
(BELOW_NORMAL) LoggerHook                         
 -------------------- 
after_test_epoch:
(VERY_HIGH   ) RuntimeInfoHook                    
(NORMAL      ) IterTimerHook                      
(BELOW_NORMAL) LoggerHook                         
 -------------------- 
after_test:
(VERY_HIGH   ) RuntimeInfoHook                    
 -------------------- 
after_run:
(BELOW_NORMAL) LoggerHook                         
(VERY_LOW    ) FPSCalculateHook                   
 -------------------- 
2026/04/19 21:21:07 - mmengine - INFO - [FPS Hook] Start timing...
2026/04/19 21:21:07 - mmengine - INFO - Load checkpoint from E:\pycharm\project\Swin-Deformable\mmdetection\weight\best_coco_bbox_mAP_epoch_57.pth
2026/04/19 21:21:28 - mmengine - INFO - Epoch(test) [ 50/210]    eta: 0:01:07  time: 0.4247  data_time: 0.2608  memory: 1312  
2026/04/19 21:21:43 - mmengine - INFO - Epoch(test) [100/210]    eta: 0:00:39  time: 0.2899  data_time: 0.1373  memory: 1312  
2026/04/19 21:21:58 - mmengine - INFO - Epoch(test) [150/210]    eta: 0:00:20  time: 0.3072  data_time: 0.1545  memory: 1312  
2026/04/19 21:22:14 - mmengine - INFO - Epoch(test) [200/210]    eta: 0:00:03  time: 0.3247  data_time: 0.1717  memory: 1312  
2026/04/19 21:22:19 - mmengine - INFO - Evaluating bbox...
2026/04/19 21:22:27 - mmengine - INFO - bbox_mAP_copypaste: 0.382 0.646 0.388 0.201 0.412 0.592
2026/04/19 21:22:27 - mmengine - INFO - Epoch(test) [210/210]    coco/bbox_mAP: 0.3820  coco/bbox_mAP_50: 0.6460  coco/bbox_mAP_75: 0.3880  coco/bbox_mAP_s: 0.2010  coco/bbox_mAP_m: 0.4120  coco/bbox_mAP_l: 0.5920  data_time: 0.1805  time: 0.3359
2026/04/19 21:22:27 - mmengine - INFO - 
============================================================
2026/04/19 21:22:27 - mmengine - INFO -  [FPS Statistics] End-to-end inference speed
2026/04/19 21:22:27 - mmengine - INFO -    Total images  : 0
2026/04/19 21:22:27 - mmengine - INFO -    Total time    : 80.30 seconds
2026/04/19 21:22:27 - mmengine - INFO -    Avg latency   : 0.00 ms/img
2026/04/19 21:22:27 - mmengine - INFO -    >> FPS        : 0.00 img/s
2026/04/19 21:22:27 - mmengine - INFO - ============================================================

